******************************************************************************
                  TI ARM Linker Unix v5.2.5                    
******************************************************************************
>> Linked Tue Feb 16 19:49:45 2016

OUTPUT FILE NAME:   <lab-4.out>
ENTRY POINT SYMBOL: "_c_int00"  address: 00000929


MEMORY CONFIGURATION

         name            origin    length      used     unused   attr    fill
----------------------  --------  ---------  --------  --------  ----  --------
  FLASH                 00000000   00040000  00000d84  0003f27c  R  X
  SRAM                  20000000   00008000  00000214  00007dec  RW X


SEGMENT ALLOCATION MAP

run origin  load origin   length   init length attrs members
----------  ----------- ---------- ----------- ----- -------
00000000    00000000    00000d88   00000d88    r-x
  00000000    00000000    0000026c   0000026c    r-- .intvecs
  0000026c    0000026c    000009fc   000009fc    r-x .text
  00000c68    00000c68    000000fc   000000fc    r-- .const
  00000d68    00000d68    00000020   00000020    r-- .cinit
20000000    20000000    00000214   00000000    rw-
  20000000    20000000    00000200   00000000    rw- .stack
  20000200    20000200    00000014   00000000    rw- .data


SECTION ALLOCATION MAP

 output                                  attributes/
section   page    origin      length       input sections
--------  ----  ----------  ----------   ----------------
.intvecs   0    00000000    0000026c     
                  00000000    0000026c     tm4c123gh6pm_startup_ccs.obj (.intvecs)

.text      0    0000026c    000009fc     
                  0000026c    00000132     driverlib.lib : gpio.obj (.text:GPIOPadConfigSet)
                  0000039e    00000002     --HOLE-- [fill = 0]
                  000003a0    0000011c     lab-4.obj (.text)
                  000004bc    00000110     driverlib.lib : sysctl.obj (.text:SysCtlClockGet)
                  000005cc    000000f4                   : sysctl.obj (.text:SysCtlClockSet)
                  000006c0    0000009c     rtsv7M4_T_le_v4SPD16_eabi.lib : memcpy_t2.obj (.text)
                  0000075c    0000007a     driverlib.lib : adc.obj (.text:ADCSequenceStepConfigure)
                  000007d6    0000007a     rtsv7M4_T_le_v4SPD16_eabi.lib : memset_t2.obj (.text)
                  00000850    0000006c                                   : autoinit.obj (.text)
                  000008bc    0000006a                                   : copy_decompress_rle.obj (.text)
                  00000926    00000002     --HOLE-- [fill = 0]
                  00000928    00000050                                   : boot.obj (.text)
                  00000978    0000004c                                   : cpy_tbl.obj (.text)
                  000009c4    00000048     driverlib.lib : gpio.obj (.text:GPIOPinConfigure)
                  00000a0c    00000046                   : uart.obj (.text:UARTConfigSetExpClk)
                  00000a52    00000002     --HOLE-- [fill = 0]
                  00000a54    00000044     rtsv7M4_T_le_v4SPD16_eabi.lib : exit.obj (.text)
                  00000a98    0000003e     driverlib.lib : adc.obj (.text:ADCSequenceConfigure)
                  00000ad6    00000002     --HOLE-- [fill = 0]
                  00000ad8    00000034                   : sysctl.obj (.text:SysCtlPeripheralEnable)
                  00000b0c    0000002e                   : adc.obj (.text:ADCIntStatus)
                  00000b3a    0000002a                   : gpio.obj (.text:GPIODirModeSet)
                  00000b64    00000020                   : uart.obj (.text:UARTDisable)
                  00000b84    0000001e                   : adc.obj (.text:ADCSequenceDataGet)
                  00000ba2    00000018                   : adc.obj (.text:ADCProcessorTrigger)
                  00000bba    00000002     --HOLE-- [fill = 0]
                  00000bbc    00000018     rtsv7M4_T_le_v4SPD16_eabi.lib : args_main.obj (.text)
                  00000bd4    00000014     driverlib.lib : uart.obj (.text:UARTEnable)
                  00000be8    00000014     rtsv7M4_T_le_v4SPD16_eabi.lib : _lock.obj (.text)
                  00000bfc    00000012     driverlib.lib : gpio.obj (.text:GPIOPinTypeUART)
                  00000c0e    0000000e                   : adc.obj (.text:ADCHardwareOversampleConfigure)
                  00000c1c    0000000e                   : adc.obj (.text:ADCSequenceEnable)
                  00000c2a    0000000e     rtsv7M4_T_le_v4SPD16_eabi.lib : copy_decompress_none.obj (.text:decompress:none)
                  00000c38    0000000c     tm4c123gh6pm_startup_ccs.obj (.text)
                  00000c44    0000000a     driverlib.lib : adc.obj (.text:ADCIntClear)
                  00000c4e    0000000a                   : uart.obj (.text:UARTCharPut)
                  00000c58    00000006                   : sysctl.obj (.text:SysCtlDelay)
                  00000c5e    00000006     rtsv7M4_T_le_v4SPD16_eabi.lib : copy_decompress_rle.obj (.text:decompress:rle24)
                  00000c64    00000004                                   : pre_init.obj (.text)

.const     0    00000c68    000000fc     
                  00000c68    00000090     driverlib.lib : gpio.obj (.const:g_pui32GPIOBaseAddrs)
                  00000cf8    0000006c                   : sysctl.obj (.const:g_pui32Xtals)

.cinit     0    00000d68    00000020     
                  00000d68    0000000f     (.cinit..data.load) [load image, compression = rle]
                  00000d77    00000001     --HOLE-- [fill = 0]
                  00000d78    00000008     (__TI_handler_table)
                  00000d80    00000008     (__TI_cinit_table)

.init_array 
*          0    00000000    00000000     UNINITIALIZED

.data      0    20000200    00000014     UNINITIALIZED
                  20000200    00000008     rtsv7M4_T_le_v4SPD16_eabi.lib : _lock.obj (.data)
                  20000208    00000008                                   : exit.obj (.data)
                  20000210    00000004                                   : stkdepth_vars.obj (.data)

.stack     0    20000000    00000200     UNINITIALIZED
                  20000000    00000200     --HOLE--

.TI.persistent 
*          0    20000200    00000000     UNINITIALIZED


LINKER GENERATED COPY TABLES

__TI_cinit_table @ 00000d80 records: 1, size/record: 8, table size: 8
	.data: load addr=00000d68, load size=0000000f bytes, run addr=20000200, run size=00000014 bytes, compression=rle


LINKER GENERATED HANDLER TABLE

__TI_handler_table @ 00000d78 records: 2, size/record: 4, table size: 8
	index: 0, handler: __TI_decompress_rle24
	index: 1, handler: __TI_decompress_none


GLOBAL SYMBOLS: SORTED ALPHABETICALLY BY Name 

address   name                          
-------   ----                          
00000c0f  ADCHardwareOversampleConfigure
00000c45  ADCIntClear                   
00000b0d  ADCIntStatus                  
00000ba3  ADCProcessorTrigger           
00000a99  ADCSequenceConfigure          
00000b85  ADCSequenceDataGet            
00000c1d  ADCSequenceEnable             
0000075d  ADCSequenceStepConfigure      
00000a55  C$$EXIT                       
00000b3b  GPIODirModeSet                
0000026d  GPIOPadConfigSet              
000009c5  GPIOPinConfigure              
00000bfd  GPIOPinTypeUART               
00000c39  ResetISR                      
UNDEFED   SHT$$INIT_ARRAY$$Base         
UNDEFED   SHT$$INIT_ARRAY$$Limit        
000004bd  SysCtlClockGet                
000005cd  SysCtlClockSet                
00000c59  SysCtlDelay                   
00000ad9  SysCtlPeripheralEnable        
00000c4f  UARTCharPut                   
00000a0d  UARTConfigSetExpClk           
00000b65  UARTDisable                   
00000bd5  UARTEnable                    
20000200  __STACK_END                   
00000200  __STACK_SIZE                  
20000200  __STACK_TOP                   
00000d80  __TI_CINIT_Base               
00000d88  __TI_CINIT_Limit              
00000d78  __TI_Handler_Table_Base       
00000d80  __TI_Handler_Table_Limit      
00000851  __TI_auto_init                
20000208  __TI_cleanup_ptr              
00000c2b  __TI_decompress_none          
00000c5f  __TI_decompress_rle24         
2000020c  __TI_dtors_ptr                
00000000  __TI_static_base__            
000007d7  __aeabi_memclr                
000007d7  __aeabi_memclr4               
000007d7  __aeabi_memclr8               
000006c1  __aeabi_memcpy                
000006c1  __aeabi_memcpy4               
000006c1  __aeabi_memcpy8               
000007d9  __aeabi_memset                
000007d9  __aeabi_memset4               
000007d9  __aeabi_memset8               
ffffffff  __binit__                     
ffffffff  __c_args__                    
20000000  __stack                       
00000bbd  _args_main                    
00000929  _c_int00                      
20000200  _lock                         
00000bf7  _nop                          
00000bef  _register_lock                
00000be9  _register_unlock              
00000c65  _system_pre_init              
20000204  _unlock                       
00000a59  abort                         
ffffffff  binit                         
00000979  copy_in                       
00000a61  exit                          
00000000  g_pfnVectors                  
000003a1  main                          
20000210  main_func_sp                  
000006c1  memcpy                        
000007df  memset                        


GLOBAL SYMBOLS: SORTED BY Symbol Address 

address   name                          
-------   ----                          
00000000  __TI_static_base__            
00000000  g_pfnVectors                  
00000200  __STACK_SIZE                  
0000026d  GPIOPadConfigSet              
000003a1  main                          
000004bd  SysCtlClockGet                
000005cd  SysCtlClockSet                
000006c1  __aeabi_memcpy                
000006c1  __aeabi_memcpy4               
000006c1  __aeabi_memcpy8               
000006c1  memcpy                        
0000075d  ADCSequenceStepConfigure      
000007d7  __aeabi_memclr                
000007d7  __aeabi_memclr4               
000007d7  __aeabi_memclr8               
000007d9  __aeabi_memset                
000007d9  __aeabi_memset4               
000007d9  __aeabi_memset8               
000007df  memset                        
00000851  __TI_auto_init                
00000929  _c_int00                      
00000979  copy_in                       
000009c5  GPIOPinConfigure              
00000a0d  UARTConfigSetExpClk           
00000a55  C$$EXIT                       
00000a59  abort                         
00000a61  exit                          
00000a99  ADCSequenceConfigure          
00000ad9  SysCtlPeripheralEnable        
00000b0d  ADCIntStatus                  
00000b3b  GPIODirModeSet                
00000b65  UARTDisable                   
00000b85  ADCSequenceDataGet            
00000ba3  ADCProcessorTrigger           
00000bbd  _args_main                    
00000bd5  UARTEnable                    
00000be9  _register_unlock              
00000bef  _register_lock                
00000bf7  _nop                          
00000bfd  GPIOPinTypeUART               
00000c0f  ADCHardwareOversampleConfigure
00000c1d  ADCSequenceEnable             
00000c2b  __TI_decompress_none          
00000c39  ResetISR                      
00000c45  ADCIntClear                   
00000c4f  UARTCharPut                   
00000c59  SysCtlDelay                   
00000c5f  __TI_decompress_rle24         
00000c65  _system_pre_init              
00000d78  __TI_Handler_Table_Base       
00000d80  __TI_CINIT_Base               
00000d80  __TI_Handler_Table_Limit      
00000d88  __TI_CINIT_Limit              
20000000  __stack                       
20000200  __STACK_END                   
20000200  __STACK_TOP                   
20000200  _lock                         
20000204  _unlock                       
20000208  __TI_cleanup_ptr              
2000020c  __TI_dtors_ptr                
20000210  main_func_sp                  
ffffffff  __binit__                     
ffffffff  __c_args__                    
ffffffff  binit                         
UNDEFED   SHT$$INIT_ARRAY$$Base         
UNDEFED   SHT$$INIT_ARRAY$$Limit        

[66 symbols]
